[debug] [2026-04-29T14:23:58.430Z] ----------------------------------------------------------------------
[debug] [2026-04-29T14:23:58.433Z] Command:       C:\Program Files\nodejs\node.exe C:\Users\María\AppData\Roaming\npm\node_modules\firebase-tools\lib\bin\firebase.js init functions
[debug] [2026-04-29T14:23:58.433Z] CLI Version:   15.15.0
[debug] [2026-04-29T14:23:58.433Z] Platform:      win32
[debug] [2026-04-29T14:23:58.433Z] Node Version:  v24.15.0
[debug] [2026-04-29T14:23:58.433Z] Time:          Wed Apr 29 2026 16:23:58 GMT+0200 (hora de verano de Europa central)
[debug] [2026-04-29T14:23:58.433Z] ----------------------------------------------------------------------
[debug] 
[info] 
     ######## #### ########  ######## ########     ###     ######  ########
     ##        ##  ##     ## ##       ##     ##  ##   ##  ##       ##
     ######    ##  ########  ######   ########  #########  ######  ######
     ##        ##  ##    ##  ##       ##     ## ##     ##       ## ##
     ##       #### ##     ## ######## ########  ##     ##  ######  ########

You're about to initialize a Firebase project in this directory:

  C:\Users\María\cocinaen10-backend

Before we get started, keep in mind:

  * You are initializing within an existing Firebase project directory

[info] 
=== Project Setup
[info] 
[info] First, let's associate this project directory with a Firebase project.
[info] You can create multiple project aliases by running firebase use --add, 
[info] 
[debug] [2026-04-29T14:24:45.050Z] > command requires scopes: ["email","openid","https://www.googleapis.com/auth/cloudplatformprojects.readonly","https://www.googleapis.com/auth/firebase","https://www.googleapis.com/auth/cloud-platform"]
[debug] [2026-04-29T14:24:45.050Z] > authorizing via signed-in user (cocinaen10@gmail.com)
[debug] [2026-04-29T14:24:45.051Z] Checked if tokens are valid: true, expires at: 1777475462103
[debug] [2026-04-29T14:24:45.051Z] Checked if tokens are valid: true, expires at: 1777475462103
[debug] [2026-04-29T14:24:45.052Z] >>> [apiv2][query] GET https://firebase.googleapis.com/v1beta1/projects/cocinaen10-c4622 [none]
[debug] [2026-04-29T14:24:45.387Z] <<< [apiv2][status] GET https://firebase.googleapis.com/v1beta1/projects/cocinaen10-c4622 403
[debug] [2026-04-29T14:24:45.388Z] <<< [apiv2][body] GET https://firebase.googleapis.com/v1beta1/projects/cocinaen10-c4622 {"error":{"code":403,"message":"The caller does not have permission","status":"PERMISSION_DENIED"}}
[debug] [2026-04-29T14:24:45.388Z] Request to https://firebase.googleapis.com/v1beta1/projects/cocinaen10-c4622 had HTTP Error: 403, The caller does not have permission
[debug] [2026-04-29T14:24:45.389Z] FirebaseError: Request to https://firebase.googleapis.com/v1beta1/projects/cocinaen10-c4622 had HTTP Error: 403, The caller does not have permission
    at responseToError (C:\Users\María\AppData\Roaming\npm\node_modules\firebase-tools\lib\responseToError.js:53:12)
    at RetryOperation._fn (C:\Users\María\AppData\Roaming\npm\node_modules\firebase-tools\lib\apiv2.js:333:77)
    at process.processTicksAndRejections (node:internal/process/task_queues:104:5)
[error] 
[error] Error: Failed to get Firebase project cocinaen10-c4622. Please make sure the project exists and your account has permission to access it.
